Traceback (most recent call last):
  File "/home/unitree/catkin_ws/tools/sample_topic_timing.py", line 307, in <module>
    raise SystemExit(main())
  File "/home/unitree/catkin_ws/tools/sample_topic_timing.py", line 292, in main
    timing_rows, rate_rows = capture(args.duration)
  File "/home/unitree/catkin_ws/tools/sample_topic_timing.py", line 256, in capture
    rclpy.spin_once(node, timeout_sec=min(0.1, remaining))
  File "/opt/ros/humble/local/lib/python3.10/dist-packages/rclpy/__init__.py", line 208, in spin_once
    executor.spin_once(timeout_sec=timeout_sec)
  File "/opt/ros/humble/local/lib/python3.10/dist-packages/rclpy/executors.py", line 808, in spin_once
    self._spin_once_impl(timeout_sec)
  File "/opt/ros/humble/local/lib/python3.10/dist-packages/rclpy/executors.py", line 797, in _spin_once_impl
    handler, entity, node = self.wait_for_ready_callbacks(timeout_sec=timeout_sec)
  File "/opt/ros/humble/local/lib/python3.10/dist-packages/rclpy/executors.py", line 780, in wait_for_ready_callbacks
    return next(self._cb_iter)
  File "/opt/ros/humble/local/lib/python3.10/dist-packages/rclpy/executors.py", line 538, in _wait_for_ready_callbacks
    timeout_timer = Timer(None, None, timeout_nsec, self._clock, context=self._context)
  File "/opt/ros/humble/local/lib/python3.10/dist-packages/rclpy/timer.py", line 28, in __init__
    self.__timer = _rclpy.Timer(
rclpy._rclpy_pybind11.RCLError: failed to create timer: the given context is not valid, either rcl_init() was not called or rcl_shutdown() was called., at ./src/rcl/guard_condition.c:67
